This is pdfTeX, Version 3.14159265-2.6-1.40.21 (TeX Live 2020/W32TeX) (preloaded format=pdflatex 2020.10.8)  22 JUN 2021 19:45
entering extended mode
 restricted \write18 enabled.
 file:line:error style messages enabled.
 %&-line parsing enabled.
**d:/LICENTA/app/scris/main.tex
(d:/LICENTA/app/scris/main.tex
LaTeX2e <2020-10-01>
L3 programming layer <2020-10-05> xparse <2020-03-03> (c:/texlive/2020/texmf-dist/tex/latex/base/report.cls
Document Class: report 2020/04/10 v1.4m Standard LaTeX document class
(c:/texlive/2020/texmf-dist/tex/latex/base/size12.clo
File: size12.clo 2020/04/10 v1.4m Standard LaTeX file (size option)
)
\c@part=\count175
\c@chapter=\count176
\c@section=\count177
\c@subsection=\count178
\c@subsubsection=\count179
\c@paragraph=\count180
\c@subparagraph=\count181
\c@figure=\count182
\c@table=\count183
\abovecaptionskip=\skip47
\belowcaptionskip=\skip48
\bibindent=\dimen138
) (c:/texlive/2020/texmf-dist/tex/latex/geometry/geometry.sty
Package: geometry 2020/01/02 v5.9 Page Geometry
 (c:/texlive/2020/texmf-dist/tex/latex/graphics/keyval.sty
Package: keyval 2014/10/28 v1.15 key=value parser (DPC)
\KV@toks@=\toks15
) (c:/texlive/2020/texmf-dist/tex/generic/iftex/ifvtex.sty
Package: ifvtex 2019/10/25 v1.7 ifvtex legacy package. Use iftex instead.
 (c:/texlive/2020/texmf-dist/tex/generic/iftex/iftex.sty
Package: iftex 2020/03/06 v1.0d TeX engine tests
))
\Gm@cnth=\count184
\Gm@cntv=\count185
\c@Gm@tempcnt=\count186
\Gm@bindingoffset=\dimen139
\Gm@wd@mp=\dimen140
\Gm@odd@mp=\dimen141
\Gm@even@mp=\dimen142
\Gm@layoutwidth=\dimen143
\Gm@layoutheight=\dimen144
\Gm@layouthoffset=\dimen145
\Gm@layoutvoffset=\dimen146
\Gm@dimlist=\toks16
) (c:/texlive/2020/texmf-dist/tex/latex/base/inputenc.sty
Package: inputenc 2020/08/01 v1.3d Input encoding file
\inpenc@prehook=\toks17
\inpenc@posthook=\toks18
) (c:/texlive/2020/texmf-dist/tex/latex/psnfss/palatino.sty
Package: palatino 2020/03/25 PSNFSS-v9.3 (SPQR) 
) (c:/texlive/2020/texmf-dist/tex/generic/babel/babel.sty
Package: babel 2020/10/03 3.49 The Babel package
 (c:/texlive/2020/texmf-dist/tex/generic/babel/babel.def
File: babel.def 2020/10/03 3.49 Babel common definitions
\babel@savecnt=\count187
\U@D=\dimen147
\l@babelnohyphens=\language86
 (c:/texlive/2020/texmf-dist/tex/generic/babel/txtbabel.def)
\bbl@readstream=\read2
)
\bbl@dirlevel=\count188
 (c:/texlive/2020/texmf-dist/tex/generic/babel-romanian/romanian.ldf
Language: romanian 2005/03/31 v1.2l Romanian support from the babel system
)) (c:/texlive/2020/texmf-dist/tex/latex/graphics/graphicx.sty
Package: graphicx 2020/09/09 v1.2b Enhanced LaTeX Graphics (DPC,SPQR)
 (c:/texlive/2020/texmf-dist/tex/latex/graphics/graphics.sty
Package: graphics 2020/08/30 v1.4c Standard LaTeX Graphics (DPC,SPQR)
 (c:/texlive/2020/texmf-dist/tex/latex/graphics/trig.sty
Package: trig 2016/01/03 v1.10 sin cos tan (DPC)
) (c:/texlive/2020/texmf-dist/tex/latex/graphics-cfg/graphics.cfg
File: graphics.cfg 2016/06/04 v1.11 sample graphics configuration
)
Package graphics Info: Driver file: pdftex.def on input line 105.
 (c:/texlive/2020/texmf-dist/tex/latex/graphics-def/pdftex.def
File: pdftex.def 2020/10/05 v1.2a Graphics/color driver for pdftex
))
\Gin@req@height=\dimen148
\Gin@req@width=\dimen149
) (c:/texlive/2020/texmf-dist/tex/latex/tools/indentfirst.sty
Package: indentfirst 1995/11/23 v1.03 Indent first paragraph (DPC)
) (c:/texlive/2020/texmf-dist/tex/latex/tocbibind/tocbibind.sty
Package: tocbibind 2010/10/13 v1.5k extra ToC listings
Package tocbibind Info: The document has chapter divisions on input line 50.


Package tocbibind Note: Using chapter style headings, unless overridden.

) (c:/texlive/2020/texmf-dist/tex/latex/hyperref/hyperref.sty
Package: hyperref 2020-05-15 v7.00e Hypertext links for LaTeX
 (c:/texlive/2020/texmf-dist/tex/generic/ltxcmds/ltxcmds.sty
Package: ltxcmds 2020-05-10 v1.25 LaTeX kernel commands for general use (HO)
) (c:/texlive/2020/texmf-dist/tex/generic/pdftexcmds/pdftexcmds.sty
Package: pdftexcmds 2020-06-27 v0.33 Utility functions of pdfTeX for LuaTeX (HO)
 (c:/texlive/2020/texmf-dist/tex/generic/infwarerr/infwarerr.sty
Package: infwarerr 2019/12/03 v1.5 Providing info/warning/error messages (HO)
)
Package pdftexcmds Info: \pdf@primitive is available.
Package pdftexcmds Info: \pdf@ifprimitive is available.
Package pdftexcmds Info: \pdfdraftmode found.
) (c:/texlive/2020/texmf-dist/tex/generic/kvsetkeys/kvsetkeys.sty
Package: kvsetkeys 2019/12/15 v1.18 Key value parser (HO)
) (c:/texlive/2020/texmf-dist/tex/generic/kvdefinekeys/kvdefinekeys.sty
Package: kvdefinekeys 2019-12-19 v1.6 Define keys (HO)
) (c:/texlive/2020/texmf-dist/tex/generic/pdfescape/pdfescape.sty
Package: pdfescape 2019/12/09 v1.15 Implements pdfTeX's escape features (HO)
) (c:/texlive/2020/texmf-dist/tex/latex/hycolor/hycolor.sty
Package: hycolor 2020-01-27 v1.10 Color options for hyperref/bookmark (HO)
) (c:/texlive/2020/texmf-dist/tex/latex/letltxmacro/letltxmacro.sty
Package: letltxmacro 2019/12/03 v1.6 Let assignment for LaTeX macros (HO)
) (c:/texlive/2020/texmf-dist/tex/latex/auxhook/auxhook.sty
Package: auxhook 2019-12-17 v1.6 Hooks for auxiliary files (HO)
) (c:/texlive/2020/texmf-dist/tex/latex/kvoptions/kvoptions.sty
Package: kvoptions 2019/11/29 v3.13 Key value format for package options (HO)
)
\@linkdim=\dimen150
\Hy@linkcounter=\count189
\Hy@pagecounter=\count190
 (c:/texlive/2020/texmf-dist/tex/latex/hyperref/pd1enc.def
File: pd1enc.def 2020-05-15 v7.00e Hyperref: PDFDocEncoding definition (HO)
Now handling font encoding PD1 ...
... no UTF-8 mapping file for font encoding PD1
) (c:/texlive/2020/texmf-dist/tex/generic/intcalc/intcalc.sty
Package: intcalc 2019/12/15 v1.3 Expandable calculations with integers (HO)
) (c:/texlive/2020/texmf-dist/tex/generic/etexcmds/etexcmds.sty
Package: etexcmds 2019/12/15 v1.7 Avoid name clashes with e-TeX commands (HO)
)
\Hy@SavedSpaceFactor=\count191
Package hyperref Info: Option `unicode' set `true' on input line 4338.
 (c:/texlive/2020/texmf-dist/tex/latex/hyperref/puenc.def
File: puenc.def 2020-05-15 v7.00e Hyperref: PDF Unicode definition (HO)
Now handling font encoding PU ...
... no UTF-8 mapping file for font encoding PU
)
Package hyperref Info: Hyper figures OFF on input line 4464.
Package hyperref Info: Link nesting OFF on input line 4469.
Package hyperref Info: Hyper index ON on input line 4472.
Package hyperref Info: Plain pages OFF on input line 4479.
Package hyperref Info: Backreferencing OFF on input line 4484.
Package hyperref Info: Implicit mode ON; LaTeX internals redefined.
Package hyperref Info: Bookmarks ON on input line 4717.
\c@Hy@tempcnt=\count192
 (c:/texlive/2020/texmf-dist/tex/latex/url/url.sty
\Urlmuskip=\muskip16
Package: url 2013/09/16  ver 3.4  Verb mode for urls, etc.
)
LaTeX Info: Redefining \url on input line 5076.
\XeTeXLinkMargin=\dimen151
 (c:/texlive/2020/texmf-dist/tex/generic/bitset/bitset.sty
Package: bitset 2019/12/09 v1.3 Handle bit-vector datatype (HO)
 (c:/texlive/2020/texmf-dist/tex/generic/bigintcalc/bigintcalc.sty
Package: bigintcalc 2019/12/15 v1.5 Expandable calculations on big integers (HO)
))
\Fld@menulength=\count193
\Field@Width=\dimen152
\Fld@charsize=\dimen153
Package hyperref Info: Hyper figures OFF on input line 6347.
Package hyperref Info: Link nesting OFF on input line 6352.
Package hyperref Info: Hyper index ON on input line 6355.
Package hyperref Info: backreferencing OFF on input line 6362.
Package hyperref Info: Link coloring OFF on input line 6367.
Package hyperref Info: Link coloring with OCG OFF on input line 6372.
Package hyperref Info: PDF/A mode OFF on input line 6377.
LaTeX Info: Redefining \ref on input line 6417.
LaTeX Info: Redefining \pageref on input line 6421.
 (c:/texlive/2020/texmf-dist/tex/latex/base/atbegshi-ltx.sty
Package: atbegshi-ltx 2020/08/17 v1.0a Emulation of the original atbegshi package
with kernel methods
)
\Hy@abspage=\count194
\c@Item=\count195
\c@Hfootnote=\count196
)
Package hyperref Info: Driver (autodetected): hpdftex.
 (c:/texlive/2020/texmf-dist/tex/latex/hyperref/hpdftex.def
File: hpdftex.def 2020-05-15 v7.00e Hyperref driver for pdfTeX
 (c:/texlive/2020/texmf-dist/tex/latex/base/atveryend-ltx.sty
Package: atveryend-ltx 2020/08/19 v1.0a Emulation of the original atvery package
with kernel methods
)
\Fld@listcount=\count197
\c@bookmark@seq@number=\count198
 (c:/texlive/2020/texmf-dist/tex/latex/rerunfilecheck/rerunfilecheck.sty
Package: rerunfilecheck 2019/12/05 v1.9 Rerun checks for auxiliary files (HO)
 (c:/texlive/2020/texmf-dist/tex/generic/uniquecounter/uniquecounter.sty
Package: uniquecounter 2019/12/15 v1.4 Provide unlimited unique counter (HO)
)
Package uniquecounter Info: New unique counter `rerunfilecheck' on input line 286.
)
\Hy@SectionHShift=\skip49
) (c:/texlive/2020/texmf-dist/tex/latex/pdfpages/pdfpages.sty
Package: pdfpages 2020/01/28 v0.5q Insert pages of external PDF documents (AM)
 (c:/texlive/2020/texmf-dist/tex/latex/base/ifthen.sty
Package: ifthen 2014/09/29 v1.1c Standard LaTeX ifthen package (DPC)
) (c:/texlive/2020/texmf-dist/tex/latex/tools/calc.sty
Package: calc 2017/05/25 v4.3 Infix arithmetic (KKT,FJ)
\calc@Acount=\count199
\calc@Bcount=\count266
\calc@Adimen=\dimen154
\calc@Bdimen=\dimen155
\calc@Askip=\skip50
\calc@Bskip=\skip51
LaTeX Info: Redefining \setlength on input line 80.
LaTeX Info: Redefining \addtolength on input line 81.
\calc@Ccount=\count267
\calc@Cskip=\skip52
) (c:/texlive/2020/texmf-dist/tex/latex/eso-pic/eso-pic.sty
Package: eso-pic 2020/09/27 v2.0i eso-pic (RN)
\ESO@tempdima=\dimen156
\ESO@tempdimb=\dimen157
 (c:/texlive/2020/texmf-dist/tex/latex/xcolor/xcolor.sty
Package: xcolor 2016/05/11 v2.12 LaTeX color extensions (UK)
 (c:/texlive/2020/texmf-dist/tex/latex/graphics-cfg/color.cfg
File: color.cfg 2016/01/02 v1.6 sample color configuration
)
Package xcolor Info: Driver file: pdftex.def on input line 225.
Package xcolor Info: Model `cmy' substituted by `cmy0' on input line 1348.
Package xcolor Info: Model `hsb' substituted by `rgb' on input line 1352.
Package xcolor Info: Model `RGB' extended on input line 1364.
Package xcolor Info: Model `HTML' substituted by `rgb' on input line 1366.
Package xcolor Info: Model `Hsb' substituted by `hsb' on input line 1367.
Package xcolor Info: Model `tHsb' substituted by `hsb' on input line 1368.
Package xcolor Info: Model `HSB' substituted by `hsb' on input line 1369.
Package xcolor Info: Model `Gray' substituted by `gray' on input line 1370.
Package xcolor Info: Model `wave' substituted by `hsb' on input line 1371.
))
\AM@pagewidth=\dimen158
\AM@pageheight=\dimen159
 (c:/texlive/2020/texmf-dist/tex/latex/pdfpages/pppdftex.def
File: pppdftex.def 2020/01/28 v0.5q Pdfpages driver for pdfTeX (AM)
)
\AM@pagebox=\box47
\AM@global@opts=\toks19
\AM@pagecnt=\count268
\AM@toc@title=\toks20
\c@AM@survey=\count269
\AM@templatesizebox=\box48
) (c:/texlive/2020/texmf-dist/tex/latex/caption/subcaption.sty
Package: subcaption 2020/08/23 v1.3g Sub-captions (AR)
 (c:/texlive/2020/texmf-dist/tex/latex/caption/caption.sty
Package: caption 2020/09/12 v3.5b Customizing captions (AR)
 (c:/texlive/2020/texmf-dist/tex/latex/caption/caption3.sty
Package: caption3 2020/09/17 v2.1b caption3 kernel (AR)
\captionmargin=\dimen160
\captionmargin@=\dimen161
\captionwidth=\dimen162
\caption@tempdima=\dimen163
\caption@indent=\dimen164
\caption@parindent=\dimen165
\caption@hangindent=\dimen166
Package caption Info: Standard document class detected.
)
\c@caption@flags=\count270
\c@continuedfloat=\count271
Package caption Info: hyperref package is loaded.
)
\c@subfigure=\count272
\c@subtable=\count273
)
LaTeX Font Info:    Trying to load font information for OT1+ppl on input line 32.
 (c:/texlive/2020/texmf-dist/tex/latex/psnfss/ot1ppl.fd
File: ot1ppl.fd 2001/06/04 font definitions for OT1/ppl.
) (c:/texlive/2020/texmf-dist/tex/latex/l3backend/l3backend-pdftex.def
File: l3backend-pdftex.def 2020-09-24 L3 backend support: PDF output (pdfTeX)
\l__kernel_color_stack_int=\count274
\l__pdf_internal_box=\box49
) (d:/LICENTA/app/scris/main.aux)
\openout1 = `main.aux'.

LaTeX Font Info:    Checking defaults for OML/cmm/m/it on input line 32.
LaTeX Font Info:    ... okay on input line 32.
LaTeX Font Info:    Checking defaults for OMS/cmsy/m/n on input line 32.
LaTeX Font Info:    ... okay on input line 32.
LaTeX Font Info:    Checking defaults for OT1/cmr/m/n on input line 32.
LaTeX Font Info:    ... okay on input line 32.
LaTeX Font Info:    Checking defaults for T1/cmr/m/n on input line 32.
LaTeX Font Info:    ... okay on input line 32.
LaTeX Font Info:    Checking defaults for TS1/cmr/m/n on input line 32.
LaTeX Font Info:    ... okay on input line 32.
LaTeX Font Info:    Checking defaults for OMX/cmex/m/n on input line 32.
LaTeX Font Info:    ... okay on input line 32.
LaTeX Font Info:    Checking defaults for U/cmr/m/n on input line 32.
LaTeX Font Info:    ... okay on input line 32.
LaTeX Font Info:    Checking defaults for PD1/pdf/m/n on input line 32.
LaTeX Font Info:    ... okay on input line 32.
LaTeX Font Info:    Checking defaults for PU/pdf/m/n on input line 32.
LaTeX Font Info:    ... okay on input line 32.

*geometry* driver: auto-detecting
*geometry* detected driver: pdftex
*geometry* verbose mode - [ preamble ] result:
* driver: pdftex
* paper: a4paper
* layout: <same size as paper>
* layoutoffset:(h,v)=(0.0pt,0.0pt)
* modes: 
* h-part:(L,W,R)=(85.35826pt, 455.24411pt, 56.9055pt)
* v-part:(T,H,B)=(56.9055pt, 731.23584pt, 56.9055pt)
* \paperwidth=597.50787pt
* \paperheight=845.04684pt
* \textwidth=455.24411pt
* \textheight=731.23584pt
* \oddsidemargin=13.08827pt
* \evensidemargin=13.08827pt
* \topmargin=-52.36449pt
* \headheight=12.0pt
* \headsep=25.0pt
* \topskip=12.0pt
* \footskip=30.0pt
* \marginparwidth=44.0pt
* \marginparsep=10.0pt
* \columnsep=10.0pt
* \skip\footins=10.8pt plus 4.0pt minus 2.0pt
* \hoffset=0.0pt
* \voffset=0.0pt
* \mag=1000
* \@twocolumnfalse
* \@twosidefalse
* \@mparswitchfalse
* \@reversemarginfalse
* (1in=72.27pt=25.4mm, 1cm=28.453pt)

(c:/texlive/2020/texmf-dist/tex/context/base/mkii/supp-pdf.mkii
[Loading MPS to PDF converter (version 2006.09.02).]
\scratchcounter=\count275
\scratchdimen=\dimen167
\scratchbox=\box50
\nofMPsegments=\count276
\nofMParguments=\count277
\everyMPshowfont=\toks21
\MPscratchCnt=\count278
\MPscratchDim=\dimen168
\MPnumerator=\count279
\makeMPintoPDFobject=\count280
\everyMPtoPDFconversion=\toks22
) (c:/texlive/2020/texmf-dist/tex/latex/epstopdf-pkg/epstopdf-base.sty
Package: epstopdf-base 2020-01-24 v2.11 Base part for package epstopdf
Package epstopdf-base Info: Redefining graphics rule for `.eps' on input line 485.
 (c:/texlive/2020/texmf-dist/tex/latex/latexconfig/epstopdf-sys.cfg
File: epstopdf-sys.cfg 2010/07/13 v1.3 Configuration of (r)epstopdf for TeX Live
))
Package hyperref Info: Link coloring OFF on input line 32.
 (c:/texlive/2020/texmf-dist/tex/latex/hyperref/nameref.sty
Package: nameref 2019/09/16 v2.46 Cross-referencing by name of section
 (c:/texlive/2020/texmf-dist/tex/latex/refcount/refcount.sty
Package: refcount 2019/12/15 v3.6 Data extraction from label references (HO)
) (c:/texlive/2020/texmf-dist/tex/generic/gettitlestring/gettitlestring.sty
Package: gettitlestring 2019/12/15 v1.6 Cleanup title references (HO)
)
\c@section@level=\count281
)
LaTeX Info: Redefining \ref on input line 32.
LaTeX Info: Redefining \pageref on input line 32.
LaTeX Info: Redefining \nameref on input line 32.
 (d:/LICENTA/app/scris/main.out) (d:/LICENTA/app/scris/main.out)
\@outlinefile=\write3
\openout3 = `main.out'.

 (c:/texlive/2020/texmf-dist/tex/latex/pdflscape/pdflscape.sty
Package: pdflscape 2019/12/05 v0.12 Display of landscape pages in PDF (HO)
 (c:/texlive/2020/texmf-dist/tex/latex/graphics/lscape.sty
Package: lscape 2020/05/28 v3.02 Landscape Pages (DPC)
)
Package pdflscape Info: Auto-detected driver: pdftex on input line 81.
)
Package caption Info: Begin \AtBeginDocument code.
Package caption Info: End \AtBeginDocument code.
 (d:/LICENTA/app/scris/front/macros.tex) (d:/LICENTA/app/scris/front/cover.tex
LaTeX Font Info:    External font `cmex10' loaded for size
(Font)              <14.4> on input line 6.
LaTeX Font Info:    External font `cmex10' loaded for size
(Font)              <7> on input line 6.
<images//logoFii.png, id=180, 193.47281pt x 188.95593pt>
File: images//logoFii.png Graphic file (type png)
<use images//logoFii.png>
Package pdftex.def Info: images//logoFii.png  used on input line 13.
(pdftex.def)             Requested size: 136.57462pt x 133.38693pt.
LaTeX Font Info:    External font `cmex10' loaded for size
(Font)              <17.28> on input line 18.
LaTeX Font Info:    External font `cmex10' loaded for size
(Font)              <12> on input line 18.
 [1

{c:/texlive/2020/texmf-var/fonts/map/pdftex/updmap/pdftex.map} <d:/LICENTA/app/scris/images//logoFii.png>]) (d:/LICENTA/app/scris/front/titlepage.texpdfTeX warning (ext4): destination with the same identifier (name{page.}) has been already used, duplicate ignored
<to be read again> 
                   \relax 
l.35 \end{titlepage}
                     [1])

pdfTeX warning: pdflatex.exe (file d:/LICENTA/app/scris/front/anexe.pdf): PDF inclusion: found PDF version <1.7>, but at most version <1.5> allowed
<front/anexe.pdf, id=193, 614.295pt x 794.97pt>
File: front/anexe.pdf Graphic file (type pdf)
<use front/anexe.pdf>
Package pdftex.def Info: front/anexe.pdf  used on input line 41.
(pdftex.def)             Requested size: 614.29349pt x 794.96806pt.


pdfTeX warning: pdflatex.exe (file d:/LICENTA/app/scris/front/anexe.pdf): PDF inclusion: found PDF version <1.7>, but at most version <1.5> allowed
File: front/anexe.pdf Graphic file (type pdf)
<use front/anexe.pdf>
Package pdftex.def Info: front/anexe.pdf  used on input line 41.
(pdftex.def)             Requested size: 614.29349pt x 794.96806pt.


pdfTeX warning: pdflatex.exe (file d:/LICENTA/app/scris/front/anexe.pdf): PDF inclusion: found PDF version <1.7>, but at most version <1.5> allowed
File: front/anexe.pdf Graphic file (type pdf)
<use front/anexe.pdf>
Package pdftex.def Info: front/anexe.pdf  used on input line 41.
(pdftex.def)             Requested size: 614.29349pt x 794.96806pt.


pdfTeX warning: pdflatex.exe (file d:/LICENTA/app/scris/front/anexe.pdf): PDF inclusion: found PDF version <1.7>, but at most version <1.5> allowed
File: front/anexe.pdf Graphic file (type pdf)
<use front/anexe.pdf>
Package pdftex.def Info: front/anexe.pdf  used on input line 41.
(pdftex.def)             Requested size: 614.29349pt x 794.96806pt.


pdfTeX warning: pdflatex.exe (file d:/LICENTA/app/scris/front/anexe.pdf): PDF inclusion: found PDF version <1.7>, but at most version <1.5> allowed


pdfTeX warning: pdflatex.exe (file d:/LICENTA/app/scris/front/anexe.pdf): PDF inclusion: found PDF version <1.7>, but at most version <1.5> allowed
<front/anexe.pdf, id=198, page=1, 614.295pt x 794.97pt>
File: front/anexe.pdf Graphic file (type pdf)
<use front/anexe.pdf, page 1>
Package pdftex.def Info: front/anexe.pdf , page1 used on input line 41.
(pdftex.def)             Requested size: 614.29349pt x 794.96806pt.
File: front/anexe.pdf Graphic file (type pdf)
<use front/anexe.pdf, page 1>
Package pdftex.def Info: front/anexe.pdf , page1 used on input line 41.
(pdftex.def)             Requested size: 597.78697pt x 773.60669pt.
File: front/anexe.pdf Graphic file (type pdf)
<use front/anexe.pdf, page 1>
Package pdftex.def Info: front/anexe.pdf , page1 used on input line 41.
(pdftex.def)             Requested size: 597.78697pt x 773.60669pt.
File: front/anexe.pdf Graphic file (type pdf)
<use front/anexe.pdf, page 1>
Package pdftex.def Info: front/anexe.pdf , page1 used on input line 41.
(pdftex.def)             Requested size: 597.78697pt x 773.60669pt.
pdfTeX warning (ext4): destination with the same identifier (name{page.}) has been already used, duplicate ignored
<to be read again> 
                   \relax 
l.41     \includepdf[pages={1,2, 3}]{front/anexe}
                                                 
File: front/anexe.pdf Graphic file (type pdf)
<use front/anexe.pdf, page 1>
Package pdftex.def Info: front/anexe.pdf , page1 used on input line 41.
(pdftex.def)             Requested size: 597.78697pt x 773.60669pt.
 [1 <d:/LICENTA/app/scris/front/anexe.pdf>]

pdfTeX warning: pdflatex.exe (file d:/LICENTA/app/scris/front/anexe.pdf): PDF inclusion: found PDF version <1.7>, but at most version <1.5> allowed
<front/anexe.pdf, id=228, page=2, 614.295pt x 794.97pt>
File: front/anexe.pdf Graphic file (type pdf)
<use front/anexe.pdf, page 2>
Package pdftex.def Info: front/anexe.pdf , page2 used on input line 41.
(pdftex.def)             Requested size: 597.78697pt x 773.60669pt.
File: front/anexe.pdf Graphic file (type pdf)
<use front/anexe.pdf, page 2>
Package pdftex.def Info: front/anexe.pdf , page2 used on input line 41.
(pdftex.def)             Requested size: 597.78697pt x 773.60669pt.
pdfTeX warning (ext4): destination with the same identifier (name{page.}) has been already used, duplicate ignored
<to be read again> 
                   \relax 
l.41     \includepdf[pages={1,2, 3}]{front/anexe}
                                                 
File: front/anexe.pdf Graphic file (type pdf)
<use front/anexe.pdf, page 2>
Package pdftex.def Info: front/anexe.pdf , page2 used on input line 41.
(pdftex.def)             Requested size: 597.78697pt x 773.60669pt.
 [2 <d:/LICENTA/app/scris/front/anexe.pdf>]

pdfTeX warning: pdflatex.exe (file d:/LICENTA/app/scris/front/anexe.pdf): PDF inclusion: found PDF version <1.7>, but at most version <1.5> allowed
<front/anexe.pdf, id=232, page=3, 614.295pt x 794.97pt>
File: front/anexe.pdf Graphic file (type pdf)
<use front/anexe.pdf, page 3>
Package pdftex.def Info: front/anexe.pdf , page3 used on input line 41.
(pdftex.def)             Requested size: 597.78697pt x 773.60669pt.
File: front/anexe.pdf Graphic file (type pdf)
<use front/anexe.pdf, page 3>
Package pdftex.def Info: front/anexe.pdf , page3 used on input line 41.
(pdftex.def)             Requested size: 597.78697pt x 773.60669pt.
pdfTeX warning (ext4): destination with the same identifier (name{page.}) has been already used, duplicate ignored
<to be read again> 
                   \relax 
l.41     \includepdf[pages={1,2, 3}]{front/anexe}
                                                 
File: front/anexe.pdf Graphic file (type pdf)
<use front/anexe.pdf, page 3>
Package pdftex.def Info: front/anexe.pdf , page3 used on input line 41.
(pdftex.def)             Requested size: 597.78697pt x 773.60669pt.
 [3 <d:/LICENTA/app/scris/front/anexe.pdf>] (d:/LICENTA/app/scris/main.toc
LaTeX Font Info:    External font `cmex10' loaded for size
(Font)              <8> on input line 3.
LaTeX Font Info:    External font `cmex10' loaded for size
(Font)              <6> on input line 3.
pdfTeX warning (ext4): destination with the same identifier (name{page.}) has been already used, duplicate ignored
<to be read again> 
                   \relax 
l.26 ...n}{\numberline {5.2}MFCC}{19}{section.5.2}
                                                  % [4

])
\tf@toc=\write4
\openout4 = `main.toc'.

 (d:/LICENTA/app/scris/chapters/introduction.tex [1]
LaTeX Font Info:    External font `cmex10' loaded for size
(Font)              <5> on input line 9.
LaTeX Font Info:    Trying to load font information for OT1+pcr on input line 9.
 (c:/texlive/2020/texmf-dist/tex/latex/psnfss/ot1pcr.fd
File: ot1pcr.fd 2001/06/04 font definitions for OT1/pcr.
) [2

]) (d:/LICENTA/app/scris/chapters/contributions.tex [3]
Capitolul 1.
LaTeX Font Info:    External font `cmex10' loaded for size
(Font)              <24.88> on input line 1.
LaTeX Font Info:    External font `cmex10' loaded for size
(Font)              <20.74> on input line 1.
) (d:/LICENTA/app/scris/chapters/relatedwork.tex [4

]
Capitolul 2.
) (d:/LICENTA/app/scris/chapters/technologies.tex [5

] [6]
Capitolul 3.
[7

]) (d:/LICENTA/app/scris/chapters/datasetbuilding.tex [8] [9]
Capitolul 4.
<images//fisiere.png, id=392, 462.528pt x 346.896pt>
File: images//fisiere.png Graphic file (type png)
<use images//fisiere.png>
Package pdftex.def Info: images//fisiere.png  used on input line 9.
(pdftex.def)             Requested size: 409.71692pt x 307.302pt.
LaTeX Font Info:    External font `cmex10' loaded for size
(Font)              <10.95> on input line 12.
[10

 <d:/LICENTA/app/scris/images//fisiere.png>] [11]
<images//comparatie e4.png, id=410, 2211.01031pt x 464.4853pt>
File: images//comparatie e4.png Graphic file (type png)
<use images//comparatie e4.png>
Package pdftex.def Info: images//comparatie e4.png  used on input line 56.
(pdftex.def)             Requested size: 386.96027pt x 81.28615pt.
<images//cleaned_vocals.png, id=415, 462.528pt x 346.896pt>
File: images//cleaned_vocals.png Graphic file (type png)
<use images//cleaned_vocals.png>
Package pdftex.def Info: images//cleaned_vocals.png  used on input line 72.
(pdftex.def)             Requested size: 227.62206pt x 170.71628pt.
 [12 <d:/LICENTA/app/scris/images//comparatie e4.png> <d:/LICENTA/app/scris/images//cleaned_vocals.png>]
<images//rms normal.png, id=426, 462.528pt x 346.896pt>
File: images//rms normal.png Graphic file (type png)
<use images//rms normal.png>
Package pdftex.def Info: images//rms normal.png  used on input line 98.
(pdftex.def)             Requested size: 318.66948pt x 239.01443pt.
 [13 <d:/LICENTA/app/scris/images//rms normal.png>]
<images//rms_vs_amp.png, id=435, 462.528pt x 346.896pt>
File: images//rms_vs_amp.png Graphic file (type png)
<use images//rms_vs_amp.png>
Package pdftex.def Info: images//rms_vs_amp.png  used on input line 111.
(pdftex.def)             Requested size: 409.71692pt x 307.302pt.
 [14 <d:/LICENTA/app/scris/images//rms_vs_amp.png>]
<images//rms_zcr_normal.png, id=444, 419.31656pt x 323.70938pt>
File: images//rms_zcr_normal.png Graphic file (type png)
<use images//rms_zcr_normal.png>
Package pdftex.def Info: images//rms_zcr_normal.png  used on input line 133.
(pdftex.def)             Requested size: 211.68684pt x 163.42007pt.
<images//rms_zcr.png, id=445, 414.79968pt x 321.45094pt>
File: images//rms_zcr.png Graphic file (type png)
<use images//rms_zcr.png>
Package pdftex.def Info: images//rms_zcr.png  used on input line 135.
(pdftex.def)             Requested size: 211.68684pt x 164.04572pt.
) (d:/LICENTA/app/scris/chapters/featureextraction.tex [15 <d:/LICENTA/app/scris/images//rms_zcr_normal.png> <d:/LICENTA/app/scris/images//rms_zcr.png>]
Capitolul 5.
<images//feature_extraction.png, id=454, 1240.635pt x 540.0175pt>
File: images//feature_extraction.png Graphic file (type png)
<use images//feature_extraction.png>
Package pdftex.def Info: images//feature_extraction.png  used on input line 10.
(pdftex.def)             Requested size: 364.19667pt x 158.52098pt.
[16

 <d:/LICENTA/app/scris/images//feature_extraction.png>]
<images//melspec.png, id=465, 413.3844pt x 304.9794pt>
File: images//melspec.png Graphic file (type png)
<use images//melspec.png>
Package pdftex.def Info: images//melspec.png  used on input line 44.
(pdftex.def)             Requested size: 227.62206pt x 167.92998pt.
 [17 <d:/LICENTA/app/scris/images//melspec.png>]
<images//ft.png, id=473, 849.92531pt x 284.56313pt>
File: images//ft.png Graphic file (type png)
<use images//ft.png>
Package pdftex.def Info: images//ft.png  used on input line 58.
(pdftex.def)             Requested size: 295.90588pt x 99.07318pt.
<images//melbancs.png, id=477, 578.16pt x 216.81pt>
File: images//melbancs.png Graphic file (type png)
<use images//melbancs.png>
Package pdftex.def Info: images//melbancs.png  used on input line 75.
(pdftex.def)             Requested size: 250.38564pt x 93.89474pt.
 [18 <d:/LICENTA/app/scris/images//ft.png> <d:/LICENTA/app/scris/images//melbancs.png>]
<images//mfcc.png, id=497, 1806.75pt x 722.7pt>
File: images//mfcc.png Graphic file (type png)
<use images//mfcc.png>
Package pdftex.def Info: images//mfcc.png  used on input line 93.
(pdftex.def)             Requested size: 455.24411pt x 182.09709pt.
<images//dct.png, id=501, 465.99094pt x 313.17pt>
File: images//dct.png Graphic file (type png)
<use images//dct.png>
Package pdftex.def Info: images//dct.png  used on input line 113.
(pdftex.def)             Requested size: 409.71692pt x 275.36107pt.
 [19 <d:/LICENTA/app/scris/images//mfcc.png>]) (d:/LICENTA/app/scris/chapters/dataloading.tex [20 <d:/LICENTA/app/scris/images//dct.png>]
Capitolul 6.
<images//data load.png, id=518, 1231.60126pt x 586.19pt>
File: images//data load.png Graphic file (type png)
<use images//data load.png>
Package pdftex.def Info: images//data load.png  used on input line 16.
(pdftex.def)             Requested size: 446.13727pt x 212.34308pt.
[21

 <d:/LICENTA/app/scris/images//data load.png>] [22] [23]) (d:/LICENTA/app/scris/chapters/network.tex [24]
Capitolul 7.
[25

]
<images//kernels.png, id=558, 755.82375pt x 308.65312pt>
File: images//kernels.png Graphic file (type png)
<use images//kernels.png>
Package pdftex.def Info: images//kernels.png  used on input line 26.
(pdftex.def)             Requested size: 455.24411pt x 185.90445pt.
 [26 <d:/LICENTA/app/scris/images//kernels.png>]
<images//pooling.png, id=568, 417.05812pt x 249.18094pt>
File: images//pooling.png Graphic file (type png)
<use images//pooling.png>
Package pdftex.def Info: images//pooling.png  used on input line 55.
(pdftex.def)             Requested size: 227.62206pt x 136.00052pt.
 [27 <d:/LICENTA/app/scris/images//pooling.png>] [28]
<images//rnn.png, id=598, 888.31876pt x 301.125pt>
File: images//rnn.png Graphic file (type png)
<use images//rnn.png>
Package pdftex.def Info: images//rnn.png  used on input line 114.
(pdftex.def)             Requested size: 455.24411pt x 154.32066pt.
 [29 <d:/LICENTA/app/scris/images//rnn.png>]
<images//lstm.png, id=612, 1090.0725pt x 549.55313pt>
File: images//lstm.png Graphic file (type png)
<use images//lstm.png>
Package pdftex.def Info: images//lstm.png  used on input line 145.
(pdftex.def)             Requested size: 364.19667pt x 183.6004pt.
<images//lstm1.png, id=617, 871.75688pt x 289.08pt>
File: images//lstm1.png Graphic file (type png)
<use images//lstm1.png>
Package pdftex.def Info: images//lstm1.png  used on input line 166.
(pdftex.def)             Requested size: 318.66948pt x 105.6699pt.
 [30 <d:/LICENTA/app/scris/images//lstm.png> <d:/LICENTA/app/scris/images//lstm1.png>] [31]
<images//cnn_5s.png, id=639, 1121.69063pt x 305.64188pt>
File: images//cnn_5s.png Graphic file (type png)
<use images//cnn_5s.png>
Package pdftex.def Info: images//cnn_5s.png  used on input line 222.
(pdftex.def)             Requested size: 455.24411pt x 124.04544pt.
<images//lstm_5s.png, id=640, 1122.44344pt x 303.38344pt>
File: images//lstm_5s.png Graphic file (type png)
<use images//lstm_5s.png>
Package pdftex.def Info: images//lstm_5s.png  used on input line 230.
(pdftex.def)             Requested size: 455.24411pt x 123.04552pt.
 [32 <d:/LICENTA/app/scris/images//cnn_5s.png (PNG copy)> <d:/LICENTA/app/scris/images//lstm_5s.png (PNG copy)>]
<images//cnnlstm_15s_without dropout.png, id=648, 1118.67938pt x 310.91156pt>
File: images//cnnlstm_15s_without dropout.png Graphic file (type png)
<use images//cnnlstm_15s_without dropout.png>
Package pdftex.def Info: images//cnnlstm_15s_without dropout.png  used on input line 249.
(pdftex.def)             Requested size: 409.71692pt x 113.87315pt.
<images//cnnlstm_15s.png, id=651, 1129.97156pt x 307.1475pt>
File: images//cnnlstm_15s.png Graphic file (type png)
<use images//cnnlstm_15s.png>
Package pdftex.def Info: images//cnnlstm_15s.png  used on input line 262.
(pdftex.def)             Requested size: 409.71692pt x 111.36505pt.
<images//cnnlstmcomparatie.png, id=652, 1129.97156pt x 307.1475pt>
File: images//cnnlstmcomparatie.png Graphic file (type png)
<use images//cnnlstmcomparatie.png>
Package pdftex.def Info: images//cnnlstmcomparatie.png  used on input line 270.
(pdftex.def)             Requested size: 409.71692pt x 111.36505pt.
 [33 <d:/LICENTA/app/scris/images//cnnlstm_15s_without dropout.png (PNG copy)> <d:/LICENTA/app/scris/images//cnnlstm_15s.png> <d:/LICENTA/app/scris/images//cnnlstmcomparatie.png (PNG copy)>]
<images//cnn_lstm_faradropoutlaconv_64lstm_mel_specs_15s_46genuri_mai_multe_date.png, id=663, 831.105pt x 690.32906pt>
File: images//cnn_lstm_faradropoutlaconv_64lstm_mel_specs_15s_46genuri_mai_multe_date.png Graphic file (type png)
<use images//cnn_lstm_faradropoutlaconv_64lstm_mel_specs_15s_46genuri_mai_multe_date.png>
Package pdftex.def Info: images//cnn_lstm_faradropoutlaconv_64lstm_mel_specs_15s_46genuri_mai_multe_date.png  used on input line 286.
(pdftex.def)             Requested size: 455.24411pt x 378.13373pt.
 [34 <d:/LICENTA/app/scris/images//cnn_lstm_faradropoutlaconv_64lstm_mel_specs_15s_46genuri_mai_multe_date.png>]
<images//cnn_lstm_cudropoutlaconv_64lstm_mel_specs_15s_25genuri_mai_multe_date.png, id=673, 770.12718pt x 630.10406pt>
File: images//cnn_lstm_cudropoutlaconv_64lstm_mel_specs_15s_25genuri_mai_multe_date.png Graphic file (type png)
<use images//cnn_lstm_cudropoutlaconv_64lstm_mel_specs_15s_25genuri_mai_multe_date.png>
Package pdftex.def Info: images//cnn_lstm_cudropoutlaconv_64lstm_mel_specs_15s_25genuri_mai_multe_date.png  used on input line 300.
(pdftex.def)             Requested size: 455.24411pt x 372.46965pt.
 [35 <d:/LICENTA/app/scris/images//cnn_lstm_cudropoutlaconv_64lstm_mel_specs_15s_25genuri_mai_multe_date.png>]
<images//genres_segments.png, id=682, 4818.0pt x 3613.5pt>
File: images//genres_segments.png Graphic file (type png)
<use images//genres_segments.png>
Package pdftex.def Info: images//genres_segments.png  used on input line 316.
(pdftex.def)             Requested size: 364.19667pt x 273.09604pt.
 [36 <d:/LICENTA/app/scris/images//genres_segments.png>]
<images//cnnlstm_equal_distribution.png, id=692, 1141.26375pt x 325.215pt>
File: images//cnnlstm_equal_distribution.png Graphic file (type png)
<use images//cnnlstm_equal_distribution.png>
Package pdftex.def Info: images//cnnlstm_equal_distribution.png  used on input line 333.
(pdftex.def)             Requested size: 455.24411pt x 129.7264pt.
<images//CNNLSTM-equal-distributions.png, id=693, 528.47438pt x 441.90094pt>
File: images//CNNLSTM-equal-distributions.png Graphic file (type png)
<use images//CNNLSTM-equal-distributions.png>
Package pdftex.def Info: images//CNNLSTM-equal-distributions.png  used on input line 343.
(pdftex.def)             Requested size: 212.14531pt x 177.39107pt.
File: images//cnn_lstm_cudropoutlaconv_64lstm_mel_specs_15s_25genuri_mai_multe_date.png Graphic file (type png)
<use images//cnn_lstm_cudropoutlaconv_64lstm_mel_specs_15s_25genuri_mai_multe_date.png>
Package pdftex.def Info: images//cnn_lstm_cudropoutlaconv_64lstm_mel_specs_15s_25genuri_mai_multe_date.png  used on input line 345.
(pdftex.def)             Requested size: 212.59682pt x 173.93774pt.
) (d:/LICENTA/app/scris/chapters/recomandation.tex [37 <d:/LICENTA/app/scris/images//cnnlstm_equal_distribution.png (PNG copy)> <d:/LICENTA/app/scris/images//CNNLSTM-equal-distributions.png>]
Capitolul 8.
[38

]
<images//kdtree.png, id=708, 1129.21875pt x 312.16624pt>
File: images//kdtree.png Graphic file (type png)
<use images//kdtree.png>
Package pdftex.def Info: images//kdtree.png  used on input line 41.
(pdftex.def)             Requested size: 409.71692pt x 113.26572pt.
 [39 <d:/LICENTA/app/scris/images//kdtree.png>]
<images//mapping.png, id=717, 581.17125pt x 565.11125pt>
File: images//mapping.png Graphic file (type png)
<use images//mapping.png>
Package pdftex.def Info: images//mapping.png  used on input line 73.
(pdftex.def)             Requested size: 227.62206pt x 221.33238pt.
 [40 <d:/LICENTA/app/scris/images//mapping.png>]
<images//confusion_better.png, id=725, 822.82407pt x 646.66594pt>
File: images//confusion_better.png Graphic file (type png)
<use images//confusion_better.png>
Package pdftex.def Info: images//confusion_better.png  used on input line 89.
(pdftex.def)             Requested size: 455.24411pt x 357.77896pt.
<images//confusion_without_kids_better.png, id=727, 951.555pt x 730.22812pt>
File: images//confusion_without_kids_better.png Graphic file (type png)
<use images//confusion_without_kids_better.png>
Package pdftex.def Info: images//confusion_without_kids_better.png  used on input line 102.
(pdftex.def)             Requested size: 386.96027pt x 296.95529pt.
 [41 <d:/LICENTA/app/scris/images//confusion_better.png>]
<images//songs from the same album_without_kids.png, id=736, 1412.27625pt x 651.18282pt>
File: images//songs from the same album_without_kids.png Graphic file (type png)
<use images//songs from the same album_without_kids.png>
Package pdftex.def Info: images//songs from the same album_without_kids.png  used on input line 114.
(pdftex.def)             Requested size: 386.96027pt x 178.425pt.
 [42 <d:/LICENTA/app/scris/images//confusion_without_kids_better.png> <d:/LICENTA/app/scris/images//songs from the same album_without_kids.png>]
<images//confusion_full_songs_better_without_kids.png, id=747, 846.16125pt x 651.18282pt>
File: images//confusion_full_songs_better_without_kids.png Graphic file (type png)
<use images//confusion_full_songs_better_without_kids.png>
Package pdftex.def Info: images//confusion_full_songs_better_without_kids.png  used on input line 131.
(pdftex.def)             Requested size: 409.71692pt x 315.3066pt.
<images//songs_from_the_same_album_full_songs_without_kids.png, id=748, 1412.27625pt x 640.64343pt>
File: images//songs_from_the_same_album_full_songs_without_kids.png Graphic file (type png)
<use images//songs_from_the_same_album_full_songs_without_kids.png>
Package pdftex.def Info: images//songs_from_the_same_album_full_songs_without_kids.png  used on input line 139.
(pdftex.def)             Requested size: 364.19667pt x 165.20457pt.
) [43 <d:/LICENTA/app/scris/images//confusion_full_songs_better_without_kids.png> <d:/LICENTA/app/scris/images//songs_from_the_same_album_full_songs_without_kids.png>] (d:/LICENTA/app/scris/chapters/conclusions.tex [44] [45

]) (d:/LICENTA/app/scris/chapters/bibliography.tex [46] [47

] [48]) [49] (d:/LICENTA/app/scris/main.aux)
Package rerunfilecheck Info: File `main.out' has not changed.
(rerunfilecheck)             Checksum: F0969EA77C9A0F9FAB318A726411D6D5;6653.
 ) 
Here is how much of TeX's memory you used:
 12917 strings out of 479916
 195805 string characters out of 5886648
 512034 words of memory out of 5000000
 29047 multiletter control sequences out of 15000+600000
 564754 words of font info for 99 fonts, out of 8000000 for 9000
 1141 hyphenation exceptions out of 8191
 65i,17n,78p,950b,586s stack positions out of 5000i,500n,10000p,200000b,80000s
pdfTeX warning (dest): name{Hfootnote.4} has been referenced but does not exist, replaced by a fixed one

{c:/texlive/2020/texmf-dist/fonts/enc/dvips/base/8r.enc}<c:/texlive/2020/texmf-dist/fonts/type1/public/amsfonts/cm/cmex10.pfb><c:/texlive/2020/texmf-dist/fonts/type1/public/amsfonts/cm/cmmi12.pfb><c:/texlive/2020/texmf-dist/fonts/type1/public/amsfonts/cm/cmmi6.pfb><c:/texlive/2020/texmf-dist/fonts/type1/public/amsfonts/cm/cmmi8.pfb><c:/texlive/2020/texmf-dist/fonts/type1/public/amsfonts/cm/cmr12.pfb><c:/texlive/2020/texmf-dist/fonts/type1/public/amsfonts/cm/cmr6.pfb><c:/texlive/2020/texmf-dist/fonts/type1/public/amsfonts/cm/cmr8.pfb><c:/texlive/2020/texmf-dist/fonts/type1/public/amsfonts/cm/cmsy10.pfb><c:/texlive/2020/texmf-dist/fonts/type1/public/amsfonts/cm/cmsy8.pfb><c:/texlive/2020/texmf-dist/fonts/type1/urw/courier/ucrr8a.pfb><c:/texlive/2020/texmf-dist/fonts/type1/urw/palatino/uplb8a.pfb><c:/texlive/2020/texmf-dist/fonts/type1/urw/palatino/uplr8a.pfb><c:/texlive/2020/texmf-dist/fonts/type1/urw/palatino/uplri8a.pfb>
Output written on d:/LICENTA/app/scris/main.pdf (55 pages, 7773964 bytes).
PDF statistics:
 950 PDF objects out of 1000 (max. 8388607)
 782 compressed objects within 8 object streams
 183 named destinations out of 1000 (max. 500000)
 578 words of extra memory for PDF output out of 10000 (max. 10000000)

