\BOOKMARK [0][-]{chapter*.2}{\376\377\000I\000n\000t\000r\000o\000d\000u\000c\000e\000r\000e}{}% 1
\BOOKMARK [0][-]{chapter*.3}{\376\377\000C\000o\000n\000t\000r\000i\000b\000u\002\033\000i\000i}{}% 2
\BOOKMARK [0][-]{chapter.1}{\376\377\000A\000b\000o\000r\000d\001\003\000r\000i\000\040\000a\000n\000t\000e\000r\000i\000o\000a\000r\000e}{}% 3
\BOOKMARK [1][-]{section.1.1}{\376\377\000R\000e\002\033\000e\000l\000e\000\040\000c\000o\000n\000v\000o\000l\000u\002\033\000i\000o\000n\000a\000l\000e\000\040\000p\000e\000n\000t\000r\000u\000\040\000c\000l\000a\000s\000i\000f\000i\000c\000a\000r\000e\000a\000\040\000s\000u\000n\000e\000t\000e\000l\000o\000r}{chapter.1}% 4
\BOOKMARK [1][-]{section.1.2}{\376\377\000C\000l\000a\000s\000i\000f\000i\000c\000a\000r\000e\000a\000\040\000g\000e\000n\000u\000r\000i\000l\000o\000r\000\040\000m\000u\000z\000i\000c\000a\000l\000e}{chapter.1}% 5
\BOOKMARK [0][-]{chapter.2}{\376\377\000T\000e\000h\000n\000o\000l\000o\000g\000i\000i\000\040\000f\000o\000l\000o\000s\000i\000t\000e}{}% 6
\BOOKMARK [1][-]{section.2.1}{\376\377\000S\000p\000o\000t\000i\000f\000y\000\040\000A\000P\000I}{chapter.2}% 7
\BOOKMARK [1][-]{section.2.2}{\376\377\000L\000i\000b\000r\000o\000s\000a}{chapter.2}% 8
\BOOKMARK [1][-]{section.2.3}{\376\377\000S\000p\000l\000e\000e\000t\000e\000r}{chapter.2}% 9
\BOOKMARK [1][-]{section.2.4}{\376\377\000T\000e\000n\000s\000o\000r\000f\000l\000o\000w}{chapter.2}% 10
\BOOKMARK [1][-]{section.2.5}{\376\377\000S\000k\000l\000e\000a\000r\000n}{chapter.2}% 11
\BOOKMARK [1][-]{section.2.6}{\376\377\000F\000l\000a\000s\000k}{chapter.2}% 12
\BOOKMARK [1][-]{section.2.7}{\376\377\000R\000e\000a\000c\000t}{chapter.2}% 13
\BOOKMARK [1][-]{section.2.8}{\376\377\000M\000o\000n\000g\000o\000D\000B}{chapter.2}% 14
\BOOKMARK [0][-]{chapter.3}{\376\377\000C\000o\000n\000s\000t\000r\000u\000i\000r\000e\000a\000\040\000s\000e\000t\000u\000l\000u\000i\000\040\000d\000e\000\040\000d\000a\000t\000e}{}% 15
\BOOKMARK [1][-]{section.3.1}{\376\377\000C\000o\000l\000e\000c\000t\000a\000r\000e\000a\000\040\000f\000i\002\031\000i\000e\000r\000e\000l\000o\000r\000\040\000a\000u\000d\000i\000o}{chapter.3}% 16
\BOOKMARK [1][-]{section.3.2}{\376\377\000I\000z\000o\000l\000a\000r\000e\000a\000\040\000e\000l\000e\000m\000e\000n\000t\000e\000l\000o\000r\000\040\000v\000o\000c\000a\000l\000e}{chapter.3}% 17
\BOOKMARK [1][-]{section.3.3}{\376\377\000C\000u\000r\001\003\002\033\000a\000r\000e\000a\000\040\000s\000e\000t\000u\000l\000u\000i\000\040\000d\000e\000\040\000d\000a\000t\000e}{chapter.3}% 18
\BOOKMARK [2][-]{subsection.3.3.1}{\376\377\000E\000l\000i\000m\000i\000n\000a\000r\000e\000a\000\040\000p\000o\000r\002\033\000i\000u\000n\000i\000l\000o\000r\000\040\000d\000e\000\040\000l\000i\000n\000i\002\031\000t\000e}{section.3.3}% 19
\BOOKMARK [2][-]{subsection.3.3.2}{\376\377\000I\000d\000e\000n\000t\000i\000f\000i\000c\000a\000r\000e\000a\000\040\002\031\000i\000\040\000e\000l\000i\000m\000i\000n\000a\000r\000e\000a\000\040\000f\000i\002\031\000i\000e\000r\000e\000l\000o\000r\000\040\000c\000a\000r\000e\000\040\000c\000o\000n\002\033\000i\000n\000\040\000d\000o\000a\000r\000\040\000l\000i\000n\000i\002\031\000t\000e}{section.3.3}% 20
\BOOKMARK [2][-]{subsection.3.3.3}{\376\377\000I\000d\000e\000n\000t\000i\000f\000i\000c\000a\000r\000e\000a\000\040\002\031\000i\000\040\000e\000l\000i\000m\000i\000n\000a\000r\000e\000a\000\040\000s\000e\000g\000m\000e\000n\000t\000e\000l\000o\000r\000\040\000c\000a\000r\000e\000\040\000c\000o\000n\002\033\000i\000n\000\040\000d\000o\000a\000r\000\040\000z\000g\000o\000m\000o\000t\000e}{section.3.3}% 21
\BOOKMARK [0][-]{chapter.4}{\376\377\000P\000r\000e\000l\000u\000c\000r\000a\000r\000e\000a\000\040\000f\000i\002\031\000i\000e\000r\000e\000l\000o\000r\000\040\000a\000u\000d\000i\000o}{}% 22
\BOOKMARK [1][-]{section.4.1}{\376\377\000S\000p\000e\000c\000t\000r\000o\000g\000r\000a\000m\000e\000\040\000M\000e\000l}{chapter.4}% 23
\BOOKMARK [1][-]{section.4.2}{\376\377\000M\000F\000C\000C}{chapter.4}% 24
\BOOKMARK [0][-]{chapter.5}{\376\377\000\316\000n\000c\001\003\000r\000c\000a\000r\000e\000a\000\040\000d\000a\000t\000e\000l\000o\000r}{}% 25
\BOOKMARK [1][-]{section.5.1}{\376\377\000\316\000n\000c\001\003\000r\000c\000a\000r\000e\000a\000\040\000\356\000n\000t\000r\000e\000g\000\040\000s\000e\000t\000u\000l\000u\000i\000\040\000d\000e\000\040\000d\000a\000t\000e\000\040\000\356\000n\000\040\000m\000e\000m\000o\000r\000i\000e}{chapter.5}% 26
\BOOKMARK [1][-]{section.5.2}{\376\377\000G\000e\000n\000e\000r\000a\000t\000o\000r\000i}{chapter.5}% 27
\BOOKMARK [1][-]{section.5.3}{\376\377\000E\000x\000p\000e\000r\000i\000m\000e\000n\000t\000e}{chapter.5}% 28
\BOOKMARK [0][-]{chapter.6}{\376\377\000A\000r\000h\000i\000t\000e\000c\000t\000u\000r\000a\000\040\000r\000e\002\033\000e\000l\000e\000i}{}% 29
\BOOKMARK [1][-]{section.6.1}{\376\377\000E\000x\000p\000e\000r\000i\000m\000e\000n\000t\000e}{chapter.6}% 30
\BOOKMARK [2][-]{subsection.6.1.1}{\376\377\000C\000N\000N}{section.6.1}% 31
\BOOKMARK [2][-]{subsection.6.1.2}{\376\377\000L\000S\000T\000M}{section.6.1}% 32
\BOOKMARK [2][-]{subsection.6.1.3}{\376\377\000C\000N\000N\000-\000L\000S\000T\000M}{section.6.1}% 33
\BOOKMARK [2][-]{subsection.6.1.4}{\376\377\000C\000o\000m\000p\000a\000r\000a\002\033\000i\000i}{section.6.1}% 34
\BOOKMARK [2][-]{subsection.6.1.5}{\376\377\000S\000e\000l\000e\000c\002\033\000i\000a\000\040\000g\000e\000n\000u\000r\000i\000l\000o\000r}{section.6.1}% 35
\BOOKMARK [1][-]{section.6.2}{\376\377\000C\000o\000n\000c\000l\000u\000z\000i\000i}{chapter.6}% 36
\BOOKMARK [0][-]{chapter.7}{\376\377\000S\000i\000s\000t\000e\000m\000u\000l\000\040\000d\000e\000\040\000r\000e\000c\000o\000m\000a\000n\000d\000a\000r\000e}{}% 37
\BOOKMARK [1][-]{section.7.1}{\376\377\000R\000e\000c\000o\000m\000a\000n\000d\000a\000r\000e}{chapter.7}% 38
\BOOKMARK [1][-]{section.7.2}{\376\377\000P\000r\000e\000z\000i\000c\000e\000r\000e\000a\000\040\000g\000e\000n\000u\000r\000i\000l\000o\000r\000\040\000m\000u\000z\000i\000c\000a\000l\000e}{chapter.7}% 39
\BOOKMARK [1][-]{section.7.3}{\376\377\000E\000x\000p\000e\000r\000i\000m\000e\000n\000t\000e}{chapter.7}% 40
\BOOKMARK [0][-]{chapter*.40}{\376\377\000C\000o\000n\000c\000l\000u\000z\000i\000i}{}% 41
\BOOKMARK [1][-]{section.7.4}{\376\377\000D\000i\000r\000e\000c\002\033\000i\000i\000\040\000v\000i\000i\000t\000o\000a\000r\000e}{chapter*.40}% 42
\BOOKMARK [0][-]{chapter*.41}{\376\377\000B\000i\000b\000l\000i\000o\000g\000r\000a\000f\000i\000e}{}% 43
